// Jest Snapshot v1, https://goo.gl/fbAQLP

exports[`check choose language 1`] = `
<div
  class="choose-language-wrapper"
  data-testid="choose-language"
>
  <div
    class="from-container g-shadow-light"
  >
    <span>
      From: 
    </span>
    <select
      name="language"
    >
      <option
        value="en"
      >
        English
      </option>
    </select>
  </div>
  <div
    class="to-container g-shadow-light"
  >
    <span>
      To: 
    </span>
    <select
      name="languages"
    >
      <option
        value="pt-br"
      >
        Portuguese (BR)
      </option>
      <option
        value="fr"
      >
        French
      </option>
      <option
        value="es"
      >
        Spanish
      </option>
      <option
        value="ja"
      >
        Japanese
      </option>
      <option
        value="ru"
      >
        Russian
      </option>
      <option
        value="sw"
      >
        Swahili
      </option>
      <option
        value="id"
      >
        Indonesian
      </option>
      <option
        value="zh-Hans"
      >
        Chinese
      </option>
    </select>
  </div>
</div>
`;
